// Jest Snapshot v1, https://goo.gl/fbAQLP

exports[`MovieList Component renders without crashing 1`] = `
<div>
  <div>
    Loading...
  </div>
</div>
`;
